============================================================
办公助手 - 构建脚本（集成 PyArmor）
============================================================
项目目录: C:\Users\njf\Documents\trae_projects\TEST_PROJECT\office_assistant_new

[1/5] 更新版本号...
版本号更新: 1.0.0 (Build 018, 2026-05-13)
当前版本: 1.0.0 (Build 018, 2026-05-13)

[2/5] 检查依赖...
PyInstaller 已安装
PyArmor 已安装
安装项目依赖...
执行命令: pip install -r requirements.txt
Defaulting to user installation because normal site-packages is not writeable
Requirement already satisfied: DrissionPage>=4.0.0 in C:\Users\njf\AppData\Local\Programs\Python\Python311\Lib\site-packages (from -r requirements.txt (line 1)) (4.1.1.2)
Requirement already satisfied: PyQt6>=6.5.0 in C:\Users\njf\AppData\Local\Programs\Python\Python311\Lib\site-packages (from -r requirements.txt (line 2)) (6.10.2)
Requirement already satisfied: sqlalchemy>=2.0.0 in C:\Users\njf\AppData\Local\Programs\Python\Python311\Lib\site-packages (from -r requirements.txt (line 3)) (2.0.49)
Requirement already satisfied: apscheduler>=3.10.0 in C:\Users\njf\AppData\Local\Programs\Python\Python311\Lib\site-packages (from -r requirements.txt (line 4)) (3.11.2)
Requirement already satisfied: python-dotenv>=1.0.0 in C:\Users\njf\AppData\Local\Programs\Python\Python311\Lib\site-packages (from -r requirements.txt (line 5)) (1.2.2)
Requirement already satisfied: PyYAML>=6.0 in C:\Users\njf\AppData\Local\Programs\Python\Python311\Lib\site-packages (from -r requirements.txt (line 6)) (6.0.3)
Requirement already satisfied: lxml in C:\Users\njf\AppData\Local\Programs\Python\Python311\Lib\site-packages (from DrissionPage>=4.0.0->-r requirements.txt (line 1)) (6.1.0)
Requirement already satisfied: requests in C:\Users\njf\AppData\Local\Programs\Python\Python311\Lib\site-packages (from DrissionPage>=4.0.0->-r requirements.txt (line 1)) (2.33.1)
Requirement already satisfied: cssselect in C:\Users\njf\AppData\Local\Programs\Python\Python311\Lib\site-packages (from DrissionPage>=4.0.0->-r requirements.txt (line 1)) (1.4.0)
Requirement already satisfied: DownloadKit>=2.0.7 in C:\Users\njf\AppData\Local\Programs\Python\Python311\Lib\site-packages (from DrissionPage>=4.0.0->-r requirements.txt (line 1)) (2.0.7)
Requirement already satisfied: websocket-client in C:\Users\njf\AppData\Local\Programs\Python\Python311\Lib\site-packages (from DrissionPage>=4.0.0->-r requirements.txt (line 1)) (1.9.0)
Requirement already satisfied: click in C:\Users\njf\AppData\Local\Programs\Python\Python311\Lib\site-packages (from DrissionPage>=4.0.0->-r requirements.txt (line 1)) (8.3.3)
Requirement already satisfied: tldextract>=3.4.4 in C:\Users\njf\AppData\Local\Programs\Python\Python311\Lib\site-packages (from DrissionPage>=4.0.0->-r requirements.txt (line 1)) (5.3.1)
Requirement already satisfied: psutil in C:\Users\njf\AppData\Local\Programs\Python\Python311\Lib\site-packages (from DrissionPage>=4.0.0->-r requirements.txt (line 1)) (7.2.2)
Requirement already satisfied: PyQt6-sip<14,>=13.8 in C:\Users\njf\AppData\Local\Programs\Python\Python311\Lib\site-packages (from PyQt6>=6.5.0->-r requirements.txt (line 2)) (13.11.0)
Requirement already satisfied: PyQt6-Qt6<6.11.0,>=6.10.0 in C:\Users\njf\AppData\Local\Programs\Python\Python311\Lib\site-packages (from PyQt6>=6.5.0->-r requirements.txt (line 2)) (6.10.2)
Requirement already satisfied: greenlet>=1 in C:\Users\njf\AppData\Local\Programs\Python\Python311\Lib\site-packages (from sqlalchemy>=2.0.0->-r requirements.txt (line 3)) (3.5.0)
Requirement already satisfied: typing-extensions>=4.6.0 in C:\Users\njf\AppData\Local\Programs\Python\Python311\Lib\site-packages (from sqlalchemy>=2.0.0->-r requirements.txt (line 3)) (4.15.0)
Requirement already satisfied: tzlocal>=3.0 in C:\Users\njf\AppData\Local\Programs\Python\Python311\Lib\site-packages (from apscheduler>=3.10.0->-r requirements.txt (line 4)) (5.3.1)
Requirement already satisfied: DataRecorder>=3.4.11 in C:\Users\njf\AppData\Local\Programs\Python\Python311\Lib\site-packages (from DownloadKit>=2.0.7->DrissionPage>=4.0.0->-r requirements.txt (line 1)) (3.6.2)
Requirement already satisfied: openpyxl in C:\Users\njf\AppData\Local\Programs\Python\Python311\Lib\site-packages (from DataRecorder>=3.4.11->DownloadKit>=2.0.7->DrissionPage>=4.0.0->-r requirements.txt (line 1)) (3.1.5)
Requirement already satisfied: idna in C:\Users\njf\AppData\Local\Programs\Python\Python311\Lib\site-packages (from tldextract>=3.4.4->DrissionPage>=4.0.0->-r requirements.txt (line 1)) (3.14)
Requirement already satisfied: requests-file>=1.4 in C:\Users\njf\AppData\Local\Programs\Python\Python311\Lib\site-packages (from tldextract>=3.4.4->DrissionPage>=4.0.0->-r requirements.txt (line 1)) (3.0.1)
Requirement already satisfied: filelock>=3.0.8 in C:\Users\njf\AppData\Local\Programs\Python\Python311\Lib\site-packages (from tldextract>=3.4.4->DrissionPage>=4.0.0->-r requirements.txt (line 1)) (3.29.0)
Requirement already satisfied: charset_normalizer<4,>=2 in C:\Users\njf\AppData\Local\Programs\Python\Python311\Lib\site-packages (from requests->DrissionPage>=4.0.0->-r requirements.txt (line 1)) (3.4.7)
Requirement already satisfied: urllib3<3,>=1.26 in C:\Users\njf\AppData\Local\Programs\Python\Python311\Lib\site-packages (from requests->DrissionPage>=4.0.0->-r requirements.txt (line 1)) (2.7.0)
Requirement already satisfied: certifi>=2023.5.7 in C:\Users\njf\AppData\Local\Programs\Python\Python311\Lib\site-packages (from requests->DrissionPage>=4.0.0->-r requirements.txt (line 1)) (2026.4.22)
Requirement already satisfied: tzdata in C:\Users\njf\AppData\Local\Programs\Python\Python311\Lib\site-packages (from tzlocal>=3.0->apscheduler>=3.10.0->-r requirements.txt (line 4)) (2026.2)
Requirement already satisfied: colorama in C:\Users\njf\AppData\Local\Programs\Python\Python311\Lib\site-packages (from click->DrissionPage>=4.0.0->-r requirements.txt (line 1)) (0.4.6)
Requirement already satisfied: et-xmlfile in C:\Users\njf\AppData\Local\Programs\Python\Python311\Lib\site-packages (from openpyxl->DataRecorder>=3.4.11->DownloadKit>=2.0.7->DrissionPage>=4.0.0->-r requirements.txt (line 1)) (2.0.0)


[3/5] 使用 PyArmor 混淆代码...
执行命令: pyarmor gen --output "C:\Users\njf\Documents\trae_projects\TEST_PROJECT\office_assistant_new\dist-obfuscated" --recursive src main.py
错误: INFO     Python 3.11.9
INFO     Pyarmor 9.2.4 (trial), 000000, non-profits
INFO     Platform windows.x86_64
INFO     search inputs ...
INFO     find package at src
INFO     find script main.py
INFO     find 2 top resources
INFO     start to generate runtime files
INFO     target platforms {'windows.amd64'}
INFO     write C:\Users\njf\Documents\trae_projects\TEST_PROJECT\office_assistant_new\dist-obfuscated\pyarmor_runtime_000000\pyarmor_runtime.pyd
INFO     generate runtime files OK
INFO     start to obfuscate scripts
INFO     process resource "src"
INFO     obfuscating file baidu_test.py
INFO     write C:\Users\njf\Documents\trae_projects\TEST_PROJECT\office_assistant_new\dist-obfuscated\src\business\baidu_test.py
INFO     obfuscating file browser_manager.py
INFO     write C:\Users\njf\Documents\trae_projects\TEST_PROJECT\office_assistant_new\dist-obfuscated\src\core\browser_manager.py
INFO     obfuscating file business_base.py
INFO     write C:\Users\njf\Documents\trae_projects\TEST_PROJECT\office_assistant_new\dist-obfuscated\src\core\business_base.py
INFO     obfuscating file scheduler.py
INFO     write C:\Users\njf\Documents\trae_projects\TEST_PROJECT\office_assistant_new\dist-obfuscated\src\core\scheduler.py
INFO     obfuscating file account_window.py
INFO     write C:\Users\njf\Documents\trae_projects\TEST_PROJECT\office_assistant_new\dist-obfuscated\src\gui\account_window.py
INFO     obfuscating file license_dialog.py
INFO     write C:\Users\njf\Documents\trae_projects\TEST_PROJECT\office_assistant_new\dist-obfuscated\src\gui\license_dialog.py
INFO     obfuscating file main_window.py
INFO     write C:\Users\njf\Documents\trae_projects\TEST_PROJECT\office_assistant_new\dist-obfuscated\src\gui\main_window.py
INFO     obfuscating file styles.py
INFO     write C:\Users\njf\Documents\trae_projects\TEST_PROJECT\office_assistant_new\dist-obfuscated\src\gui\styles.py
INFO     obfuscating file account.py
INFO     write C:\Users\njf\Documents\trae_projects\TEST_PROJECT\office_assistant_new\dist-obfuscated\src\models\account.py
INFO     obfuscating file database.py
INFO     write C:\Users\njf\Documents\trae_projects\TEST_PROJECT\office_assistant_new\dist-obfuscated\src\models\database.py
INFO     obfuscating file task.py
INFO     write C:\Users\njf\Documents\trae_projects\TEST_PROJECT\office_assistant_new\dist-obfuscated\src\models\task.py
INFO     obfuscating file license_generator.py
INFO     write C:\Users\njf\Documents\trae_projects\TEST_PROJECT\office_assistant_new\dist-obfuscated\src\utils\license_generator.py
INFO     obfuscating file license_manager.py
INFO     write C:\Users\njf\Documents\trae_projects\TEST_PROJECT\office_assistant_new\dist-obfuscated\src\utils\license_manager.py
INFO     obfuscating file logger.py
INFO     write C:\Users\njf\Documents\trae_projects\TEST_PROJECT\office_assistant_new\dist-obfuscated\src\utils\logger.py
INFO     obfuscating file trial_manager.py
INFO     write C:\Users\njf\Documents\trae_projects\TEST_PROJECT\office_assistant_new\dist-obfuscated\src\utils\trial_manager.py
INFO     obfuscating file version.py
INFO     write C:\Users\njf\Documents\trae_projects\TEST_PROJECT\office_assistant_new\dist-obfuscated\src\utils\version.py
INFO     process resource "main"
INFO     obfuscating file main.py
INFO     write C:\Users\njf\Documents\trae_projects\TEST_PROJECT\office_assistant_new\dist-obfuscated\main.py
INFO     obfuscate scripts OK

复制数据目录: C:\Users\njf\Documents\trae_projects\TEST_PROJECT\office_assistant_new\data -> C:\Users\njf\Documents\trae_projects\TEST_PROJECT\office_assistant_new\dist-obfuscated\data
PyArmor 混淆完成

[4/5] 清理旧构建产物...

[5/5] 执行打包...
执行命令: pyinstaller "C:\Users\njf\Documents\trae_projects\TEST_PROJECT\office_assistant_new\dist-obfuscated\main.py" --name "办公助手" --icon="C:\Users\njf\Documents\trae_projects\TEST_PROJECT\office_assistant_new\app.ico" --windowed --onefile --add-data "src;src" --add-data "data;data" --hidden-import="src.utils.license_manager" --hidden-import="src.utils.trial_manager" --hidden-import="src.utils.version" --hidden-import="src.gui.main_window" --hidden-import="src.gui.license_dialog" --hidden-import="DrissionPage" --hidden-import="psutil" --hidden-import="cryptography" --hidden-import="schedule" --hidden-import="sqlalchemy" --hidden-import="PyQt6" 
错误: 525 INFO: PyInstaller: 6.20.0, contrib hooks: 2026.5
525 INFO: Python: 3.11.9
576 INFO: Platform: Windows-10-10.0.19045-SP0
576 INFO: Python environment: C:\Users\njf\AppData\Local\Programs\Python\Python311
578 INFO: wrote C:\Users\njf\Documents\trae_projects\TEST_PROJECT\office_assistant_new\dist-obfuscated\办公助手.spec
593 INFO: Module search paths (PYTHONPATH):
['C:\\Users\\njf\\AppData\\Local\\Programs\\Python\\Python311\\Scripts\\pyinstaller.exe',
 'C:\\Users\\njf\\AppData\\Local\\Programs\\Python\\Python311\\python311.zip',
 'C:\\Users\\njf\\AppData\\Local\\Programs\\Python\\Python311\\DLLs',
 'C:\\Users\\njf\\AppData\\Local\\Programs\\Python\\Python311\\Lib',
 'C:\\Users\\njf\\AppData\\Local\\Programs\\Python\\Python311',
 'C:\\Users\\njf\\AppData\\Local\\Programs\\Python\\Python311\\Lib\\site-packages',
 'C:\\Users\\njf\\AppData\\Local\\Programs\\Python\\Python311\\Lib\\site-packages\\win32',
 'C:\\Users\\njf\\AppData\\Local\\Programs\\Python\\Python311\\Lib\\site-packages\\win32\\lib',
 'C:\\Users\\njf\\AppData\\Local\\Programs\\Python\\Python311\\Lib\\site-packages\\Pythonwin',
 'C:\\Users\\njf\\Documents\\trae_projects\\TEST_PROJECT\\office_assistant_new\\dist-obfuscated']
1459 INFO: Appending 'datas' from .spec
1477 INFO: checking Analysis
1478 INFO: Building Analysis because Analysis-00.toc is non existent
1478 INFO: Looking for Python shared library...
1478 INFO: Using Python shared library: C:\Users\njf\AppData\Local\Programs\Python\Python311\python311.dll
1478 INFO: Running Analysis Analysis-00.toc
1478 INFO: Target bytecode optimization level: 0
1478 INFO: Initializing module dependency graph...
1484 INFO: Initializing module graph hook caches...
1525 INFO: Analyzing modules for base_library.zip ...
3181 INFO: Processing standard module hook 'hook-encodings.py' from 'C:\\Users\\njf\\AppData\\Local\\Programs\\Python\\Python311\\Lib\\site-packages\\PyInstaller\\hooks'
4100 INFO: Processing standard module hook 'hook-heapq.py' from 'C:\\Users\\njf\\AppData\\Local\\Programs\\Python\\Python311\\Lib\\site-packages\\PyInstaller\\hooks'
5677 INFO: Processing standard module hook 'hook-pickle.py' from 'C:\\Users\\njf\\AppData\\Local\\Programs\\Python\\Python311\\Lib\\site-packages\\PyInstaller\\hooks'
7552 INFO: Caching module dependency graph...
7629 INFO: Analyzing C:\Users\njf\Documents\trae_projects\TEST_PROJECT\office_assistant_new\dist-obfuscated\main.py
7636 INFO: Analyzing hidden import 'src.utils.license_manager'
7665 INFO: Analyzing hidden import 'src.utils.trial_manager'
7668 INFO: Analyzing hidden import 'src.utils.version'
7674 INFO: Analyzing hidden import 'src.gui.main_window'
7685 INFO: Analyzing hidden import 'src.gui.license_dialog'
7687 INFO: Analyzing hidden import 'DrissionPage'
7731 INFO: Processing standard module hook 'hook-urllib3.py' from 'C:\\Users\\njf\\AppData\\Local\\Programs\\Python\\Python311\\Lib\\site-packages\\_pyinstaller_hooks_contrib\\stdhooks'
7983 INFO: Processing pre-safe-import-module hook 'hook-backports.py' from 'C:\\Users\\njf\\AppData\\Local\\Programs\\Python\\Python311\\Lib\\site-packages\\PyInstaller\\hooks\\pre_safe_import_module'
7985 INFO: SetuptoolsInfo: initializing cached setuptools info...
9905 INFO: Processing pre-safe-import-module hook 'hook-typing_extensions.py' from 'C:\\Users\\njf\\AppData\\Local\\Programs\\Python\\Python311\\Lib\\site-packages\\PyInstaller\\hooks\\pre_safe_import_module'
10874 INFO: Processing standard module hook 'hook-multiprocessing.util.py' from 'C:\\Users\\njf\\AppData\\Local\\Programs\\Python\\Python311\\Lib\\site-packages\\PyInstaller\\hooks'
10970 INFO: Processing standard module hook 'hook-xml.py' from 'C:\\Users\\njf\\AppData\\Local\\Programs\\Python\\Python311\\Lib\\site-packages\\PyInstaller\\hooks'
11534 INFO: Processing standard module hook 'hook-_ctypes.py' from 'C:\\Users\\njf\\AppData\\Local\\Programs\\Python\\Python311\\Lib\\site-packages\\PyInstaller\\hooks'
15827 INFO: Processing standard module hook 'hook-charset_normalizer.py' from 'C:\\Users\\njf\\AppData\\Local\\Programs\\Python\\Python311\\Lib\\site-packages\\_pyinstaller_hooks_contrib\\stdhooks'
16682 INFO: Processing standard module hook 'hook-cryptography.py' from 'C:\\Users\\njf\\AppData\\Local\\Programs\\Python\\Python311\\Lib\\site-packages\\_pyinstaller_hooks_contrib\\stdhooks'
20121 INFO: hook-cryptography: cryptography does not seem to be using dynamically linked OpenSSL.
20544 INFO: Processing standard module hook 'hook-certifi.py' from 'C:\\Users\\njf\\AppData\\Local\\Programs\\Python\\Python311\\Lib\\site-packages\\_pyinstaller_hooks_contrib\\stdhooks'
20919 INFO: Processing standard module hook 'hook-platform.py' from 'C:\\Users\\njf\\AppData\\Local\\Programs\\Python\\Python311\\Lib\\site-packages\\PyInstaller\\hooks'
21129 INFO: Processing standard module hook 'hook-sqlite3.py' from 'C:\\Users\\njf\\AppData\\Local\\Programs\\Python\\Python311\\Lib\\site-packages\\PyInstaller\\hooks'
21850 INFO: Processing standard module hook 'hook-openpyxl.py' from 'C:\\Users\\njf\\AppData\\Local\\Programs\\Python\\Python311\\Lib\\site-packages\\_pyinstaller_hooks_contrib\\stdhooks'
22745 INFO: Processing standard module hook 'hook-numpy.py' from 'C:\\Users\\njf\\AppData\\Local\\Programs\\Python\\Python311\\Lib\\site-packages\\PyInstaller\\hooks'
23548 INFO: Processing standard module hook 'hook-difflib.py' from 'C:\\Users\\njf\\AppData\\Local\\Programs\\Python\\Python311\\Lib\\site-packages\\PyInstaller\\hooks'
24252 INFO: Processing standard module hook 'hook-sysconfig.py' from 'C:\\Users\\njf\\AppData\\Local\\Programs\\Python\\Python311\\Lib\\site-packages\\PyInstaller\\hooks'
24810 INFO: Processing standard module hook 'hook-psutil.py' from 'C:\\Users\\njf\\AppData\\Local\\Programs\\Python\\Python311\\Lib\\site-packages\\_pyinstaller_hooks_contrib\\stdhooks'
26328 INFO: Processing standard module hook 'hook-lxml.py' from 'C:\\Users\\njf\\AppData\\Local\\Programs\\Python\\Python311\\Lib\\site-packages\\_pyinstaller_hooks_contrib\\stdhooks'
27135 INFO: Processing standard module hook 'hook-lxml.etree.py' from 'C:\\Users\\njf\\AppData\\Local\\Programs\\Python\\Python311\\Lib\\site-packages\\_pyinstaller_hooks_contrib\\stdhooks'
27342 INFO: Processing standard module hook 'hook-xml.etree.cElementTree.py' from 'C:\\Users\\njf\\AppData\\Local\\Programs\\Python\\Python311\\Lib\\site-packages\\PyInstaller\\hooks'
27814 INFO: Processing standard module hook 'hook-PIL.py' from 'C:\\Users\\njf\\AppData\\Local\\Programs\\Python\\Python311\\Lib\\site-packages\\PyInstaller\\hooks'
27903 INFO: Processing standard module hook 'hook-PIL.Image.py' from 'C:\\Users\\njf\\AppData\\Local\\Programs\\Python\\Python311\\Lib\\site-packages\\PyInstaller\\hooks'
28899 INFO: Processing standard module hook 'hook-PIL.ImageFilter.py' from 'C:\\Users\\njf\\AppData\\Local\\Programs\\Python\\Python311\\Lib\\site-packages\\PyInstaller\\hooks'
30405 INFO: Analyzing hidden import 'schedule'
30408 ERROR: Hidden import 'schedule' not found
30408 INFO: Analyzing hidden import 'sqlalchemy'
30418 INFO: Processing standard module hook 'hook-sqlalchemy.py' from 'C:\\Users\\njf\\AppData\\Local\\Programs\\Python\\Python311\\Lib\\site-packages\\PyInstaller\\hooks'
31376 INFO: Processing pre-safe-import-module hook 'hook-importlib_metadata.py' from 'C:\\Users\\njf\\AppData\\Local\\Programs\\Python\\Python311\\Lib\\site-packages\\PyInstaller\\hooks\\pre_safe_import_module'
34916 INFO: Analyzing hidden import 'PyQt6'
34921 INFO: Processing standard module hook 'hook-PyQt6.py' from 'C:\\Users\\njf\\AppData\\Local\\Programs\\Python\\Python311\\Lib\\site-packages\\PyInstaller\\hooks'
35145 INFO: Processing module hooks (post-graph stage)...
36493 INFO: Processing standard module hook 'hook-pkg_resources.py' from 'C:\\Users\\njf\\AppData\\Local\\Programs\\Python\\Python311\\Lib\\site-packages\\PyInstaller\\hooks'
40388 INFO: Processing standard module hook 'hook-pygments.py' from 'C:\\Users\\njf\\AppData\\Local\\Programs\\Python\\Python311\\Lib\\site-packages\\PyInstaller\\hooks'
43597 INFO: Processing pre-safe-import-module hook 'hook-distutils.py' from 'C:\\Users\\njf\\AppData\\Local\\Programs\\Python\\Python311\\Lib\\site-packages\\PyInstaller\\hooks\\pre_safe_import_module'
43597 INFO: Processing pre-find-module-path hook 'hook-distutils.py' from 'C:\\Users\\njf\\AppData\\Local\\Programs\\Python\\Python311\\Lib\\site-packages\\PyInstaller\\hooks\\pre_find_module_path'
45198 INFO: Processing standard module hook 'hook-distutils.py' from 'C:\\Users\\njf\\AppData\\Local\\Programs\\Python\\Python311\\Lib\\site-packages\\PyInstaller\\hooks'
45234 INFO: Processing standard module hook 'hook-_osx_support.py' from 'C:\\Users\\njf\\AppData\\Local\\Programs\\Python\\Python311\\Lib\\site-packages\\PyInstaller\\hooks'
45248 INFO: Processing standard module hook 'hook-distutils.util.py' from 'C:\\Users\\njf\\AppData\\Local\\Programs\\Python\\Python311\\Lib\\site-packages\\PyInstaller\\hooks'
45460 INFO: Processing standard module hook 'hook-setuptools.py' from 'C:\\Users\\njf\\AppData\\Local\\Programs\\Python\\Python311\\Lib\\site-packages\\PyInstaller\\hooks'
45675 INFO: Processing pre-safe-import-module hook 'hook-packaging.py' from 'C:\\Users\\njf\\AppData\\Local\\Programs\\Python\\Python311\\Lib\\site-packages\\PyInstaller\\hooks\\pre_safe_import_module'
46355 INFO: Processing standard module hook 'hook-lxml.isoschematron.py' from 'C:\\Users\\njf\\AppData\\Local\\Programs\\Python\\Python311\\Lib\\site-packages\\_pyinstaller_hooks_contrib\\stdhooks'
46755 INFO: Processing standard module hook 'hook-PIL.SpiderImagePlugin.py' from 'C:\\Users\\njf\\AppData\\Local\\Programs\\Python\\Python311\\Lib\\site-packages\\PyInstaller\\hooks'
46816 INFO: Processing pre-safe-import-module hook 'hook-win32com.py' from 'C:\\Users\\njf\\AppData\\Local\\Programs\\Python\\Python311\\Lib\\site-packages\\_pyinstaller_hooks_contrib\\pre_safe_import_module'
46970 INFO: Processing standard module hook 'hook-win32com.py' from 'C:\\Users\\njf\\AppData\\Local\\Programs\\Python\\Python311\\Lib\\site-packages\\_pyinstaller_hooks_contrib\\stdhooks'
46974 INFO: Processing standard module hook 'hook-pythoncom.py' from 'C:\\Users\\njf\\AppData\\Local\\Programs\\Python\\Python311\\Lib\\site-packages\\_pyinstaller_hooks_contrib\\stdhooks'
47115 INFO: Processing standard module hook 'hook-pywintypes.py' from 'C:\\Users\\njf\\AppData\\Local\\Programs\\Python\\Python311\\Lib\\site-packages\\_pyinstaller_hooks_contrib\\stdhooks'
47766 INFO: Processing standard module hook 'hook-jinja2.py' from 'C:\\Users\\njf\\AppData\\Local\\Programs\\Python\\Python311\\Lib\\site-packages\\_pyinstaller_hooks_contrib\\stdhooks'
50895 INFO: Processing standard module hook 'hook-setuptools._vendor.importlib_metadata.py' from 'C:\\Users\\njf\\AppData\\Local\\Programs\\Python\\Python311\\Lib\\site-packages\\PyInstaller\\hooks'
51050 INFO: Processing standard module hook 'hook-setuptools._vendor.jaraco.text.py' from 'C:\\Users\\njf\\AppData\\Local\\Programs\\Python\\Python311\\Lib\\site-packages\\PyInstaller\\hooks'
51955 INFO: Processing standard module hook 'hook-sqlalchemy.py' from 'C:\\Users\\njf\\AppData\\Local\\Programs\\Python\\Python311\\Lib\\site-packages\\PyInstaller\\hooks'
53667 WARNING: Hidden import "pysqlite2" not found!
53673 WARNING: Hidden import "MySQLdb" not found!
53679 WARNING: Hidden import "psycopg2" not found!
56342 INFO: Processing standard module hook 'hook-lxml.objectify.py' from 'C:\\Users\\njf\\AppData\\Local\\Programs\\Python\\Python311\\Lib\\site-packages\\_pyinstaller_hooks_contrib\\stdhooks'
57551 INFO: Performing binary vs. data reclassification (44 entries)
57614 INFO: Looking for ctypes DLLs
57866 INFO: Analyzing run-time hooks ...
57879 INFO: Including run-time hook 'pyi_rth_pyqt6.py' from 'C:\\Users\\njf\\AppData\\Local\\Programs\\Python\\Python311\\Lib\\site-packages\\PyInstaller\\hooks\\rthooks'
57883 INFO: Processing pre-find-module-path hook 'hook-_pyi_rth_utils.py' from 'C:\\Users\\njf\\AppData\\Local\\Programs\\Python\\Python311\\Lib\\site-packages\\PyInstaller\\hooks\\pre_find_module_path'
57889 INFO: Processing standard module hook 'hook-_pyi_rth_utils.py' from 'C:\\Users\\njf\\AppData\\Local\\Programs\\Python\\Python311\\Lib\\site-packages\\PyInstaller\\hooks'
57897 INFO: Including run-time hook 'pyi_rth_pkgutil.py' from 'C:\\Users\\njf\\AppData\\Local\\Programs\\Python\\Python311\\Lib\\site-packages\\PyInstaller\\hooks\\rthooks'
57906 INFO: Including run-time hook 'pyi_rth_inspect.py' from 'C:\\Users\\njf\\AppData\\Local\\Programs\\Python\\Python311\\Lib\\site-packages\\PyInstaller\\hooks\\rthooks'
57910 INFO: Including run-time hook 'pyi_rth_multiprocessing.py' from 'C:\\Users\\njf\\AppData\\Local\\Programs\\Python\\Python311\\Lib\\site-packages\\PyInstaller\\hooks\\rthooks'
57913 INFO: Including run-time hook 'pyi_rth_cryptography_openssl.py' from 'C:\\Users\\njf\\AppData\\Local\\Programs\\Python\\Python311\\Lib\\site-packages\\_pyinstaller_hooks_contrib\\rthooks'
57915 INFO: Including run-time hook 'pyi_rth_pkgres.py' from 'C:\\Users\\njf\\AppData\\Local\\Programs\\Python\\Python311\\Lib\\site-packages\\PyInstaller\\hooks\\rthooks'
57922 INFO: Including run-time hook 'pyi_rth_pywintypes.py' from 'C:\\Users\\njf\\AppData\\Local\\Programs\\Python\\Python311\\Lib\\site-packages\\_pyinstaller_hooks_contrib\\rthooks'
57924 INFO: Including run-time hook 'pyi_rth_pythoncom.py' from 'C:\\Users\\njf\\AppData\\Local\\Programs\\Python\\Python311\\Lib\\site-packages\\_pyinstaller_hooks_contrib\\rthooks'
57927 INFO: Including run-time hook 'pyi_rth_setuptools.py' from 'C:\\Users\\njf\\AppData\\Local\\Programs\\Python\\Python311\\Lib\\site-packages\\PyInstaller\\hooks\\rthooks'
57983 INFO: Creating base_library.zip...
Traceback (most recent call last):
  File "<frozen runpy>", line 198, in _run_module_as_main
  File "<frozen runpy>", line 88, in _run_code
  File "C:\Users\njf\AppData\Local\Programs\Python\Python311\Scripts\pyinstaller.exe\__main__.py", line 5, in <module>
  File "C:\Users\njf\AppData\Local\Programs\Python\Python311\Lib\site-packages\PyInstaller\__main__.py", line 231, in _console_script_run
    run()
  File "C:\Users\njf\AppData\Local\Programs\Python\Python311\Lib\site-packages\PyInstaller\__main__.py", line 215, in run
    run_build(pyi_config, spec_file, **vars(args))
  File "C:\Users\njf\AppData\Local\Programs\Python\Python311\Lib\site-packages\PyInstaller\__main__.py", line 70, in run_build
    PyInstaller.building.build_main.main(pyi_config, spec_file, **kwargs)
  File "C:\Users\njf\AppData\Local\Programs\Python\Python311\Lib\site-packages\PyInstaller\building\build_main.py", line 1275, in main
    build(specfile, distpath, workpath, clean_build)
  File "C:\Users\njf\AppData\Local\Programs\Python\Python311\Lib\site-packages\PyInstaller\building\build_main.py", line 1213, in build
    exec(code, spec_namespace)
  File "C:\Users\njf\Documents\trae_projects\TEST_PROJECT\office_assistant_new\dist-obfuscated\办公助手.spec", line 4, in <module>
  File "C:\Users\njf\AppData\Local\Programs\Python\Python311\Lib\site-packages\PyInstaller\building\build_main.py", line 584, in __init__
    self.__postinit__()
  File "C:\Users\njf\AppData\Local\Programs\Python\Python311\Lib\site-packages\PyInstaller\building\datastruct.py", line 184, in __postinit__
    self.assemble()
  File "C:\Users\njf\AppData\Local\Programs\Python\Python311\Lib\site-packages\PyInstaller\building\build_main.py", line 939, in assemble
    create_base_library_zip(base_library_zip, base_modules_toc, code_cache)
  File "C:\Users\njf\AppData\Local\Programs\Python\Python311\Lib\site-packages\PyInstaller\building\utils.py", line 829, in create_base_library_zip
    with zipfile.ZipFile(filename, 'w') as zf:
         ^^^^^^^^^^^^^^^^^^^^^^^^^^^^^^
  File "C:\Users\njf\AppData\Local\Programs\Python\Python311\Lib\zipfile.py", line 1294, in __init__
    self.fp = io.open(file, filemode)
              ^^^^^^^^^^^^^^^^^^^^^^^
FileNotFoundError: [Errno 2] No such file or directory: 'C:\\Users\\njf\\Documents\\trae_projects\\TEST_PROJECT\\office_assistant_new\\dist-obfuscated\\build\\办公助手\\base_library.zip'

打包失败
